<!-- Test Sqr function.
-->

Sqr(0) = 0<br>
Sqr(1) = 1<br>
Sqr(2) = 1.41421356^[0-9]*$<br>
Sqr(3) = 1.73205080^[0-9]*$<br>
Sqr(4) = 2<br>
