<!-- Test IsEmpty function.
-->

Dim VarInt, VarDouble, VarString, VarDate, VarObj, VarArray
	<br>
Dim VarNull, VarUninitialized
	<br>

VarInt = 1 <br>
VarDouble = 0.123 <br>
VarString = "Hello" <br>
VarDate = DateSerial(1, 25, 1982) <br>
Set VarObj = CreateObject("Scripting.Dictionary")
	<br>
VarArray = Array(1, 2, 3, 4)
	<br>
VarNull = NULL
	<br>

IsEmpty(VarInt) = False<br>
IsEmpty(VarDouble) = False<br>
IsEmpty(VarString) = False<br>
IsEmpty(VarEmpty) = False<br>
IsEmpty(VarObj) = False<br>
IsEmpty(VarArray) = False<br>
IsEmpty(VarNull) = False<br>
IsEmpty(VarUninitialized) = True<br>
IsEmpty(VarUndefined) = True<br>
IsEmpty(Empty) = True<br>
IsEmpty(Empty + Empty) = False<br>
