<!-- Test StrReverse function.
-->

StrReverse("12345") = 54321<br>
StrReverse("") = <br>
