<!-- Test Time function.
-->

Time = ^[0-9]{1,2}:[0-9]{2}:[0-9]{2} (A|P)M$<br>
