<!-- Test Round function.
-->

Round(12) = 12<br>
Round(12.1) = 12<br>
Round(12.5) = 12<br>
Round(12.7) = 13<br>
Round(13.4) = 13<br>
Round(13.4999) = 13<br>
Round(13.5) = 14<br>
Round(13.5001) = 14<br>
Round(13.55) = 14<br>
Round(13.6) = 14<br>
Round(-13.4) = -13<br>
Round(-13.4999) = -13<br>
Round(-13.5) = -14<br>
Round(-13.5001) = -14<br>
Round(-13.55) = -14<br>
Round(-13.6) = -14<br>
Round(12.5555, 0) = 13<br>
Round(12.5555, 1) = 12.6<br>
Round(12.5555, 2) = 12.56<br>
Round(12.5555, 3) = 12.556<br>
