<!-- Test Date function.
-->

DATE = ^[0-9]{1,2}/[0-9]{1,2}/[0-9]{4}$<br>
