Test CDate function

CDate("1/12/10") = 
    1/12/2010<br>
CDate("1/12/90") = 
    1/12/1990<br>
CDate("1:30") = 
    1:30:00 AM<br>
CDate("1:30:15") = 
    1:30:15 AM<br>
CDate("15:30:15") = 
    3:30:15 PM<br>
CDate("January 12 1:30:15") = 
    1/12/^[0-9]{4}$ 1:30:15 AM<br>
CDate("January 12 15:30:15") = 
    1/12/^[0-9]{4}$ 3:30:15 PM<br>
CDate("January 12, 1920 1:30:15") = 
    1/12/1920 1:30:15 AM<br>
CDate("Jun 25, 1920 2:30 pm") = 
    6/25/1920 2:30:00 PM<br>
