<!-- Test Sin function.
-->

Sin(0) = 0<br>
Sin(3.1415926) = 5.358979317^[0-9]*$E-^0?$8<br>
Sin(-3.1415926) = -5.35897931^[0-9]*$E-^0?$8<br>
