<!-- Test UBound function.
-->

Dim A1(2), A2(3, 4), A3(5, 6, 7)
	<br>

UBound(A1) = 2<br>
UBound(A2) = 3<br>
UBound(A3) = 5<br>
UBound(A1, 1) = 2<br>
UBound(A2, 1) = 3<br>
UBound(A3, 1) = 5<br>
UBound(A2, 2) = 4<br>
UBound(A3, 2) = 6<br>
UBound(A3, 3) = 7<br>
