
Here is the test of Field Attributes.<br>
Attributes("StringField"): 8<br>
    Attributes("IntField"): 24<br>


The End.
