Test Inequality Operator
<br>

1 >= 1 = True<br>
1 >= 2 = False<br>
2 >= 1 = True<br>
"0" >= 0 = True<br>
"1" >= 1 = True<br>
1 >= "1" = True<br>
"a" >= "a" = True<br>
"a" >= "b" = False<br>
"b" >= "a" = True<br>
"abba" >= "ab" = True<br>
"ab" >= "abba" = False<br>
0 >= "0" = True<br>
Empty >= "a" = False<br>
"a" >= Empty = True<br>
Empty >= "" = True<br>
"" >= Empty = True<br>
Empty >= 0 = True<br>
0 >= Empty = True<br>
Empty >= Empty = True<br>
IsNull(Null >= "a") = True<br>
IsNull("a" >= Null) = True<br>
IsNull(Null >= Null) = True<br>
IsNull(Null >= "") = True<br>
IsNull("" >= Null) = True<br>
IsNull(Null >= 0) = True<br>
IsNull(0 >= Null) = True<br>
