Test Multiply operator:
<hr>

2.5 * 1.3 = 3.25<br>
5 * 2 = 10<br>
"5" * 2 = 10<br>
5 * "2" = 10<br>
"5" * "2" = 10<br>
IsNull(Null * 2) = True<br>
IsNull(1 * Null) = True<br>
IsNull(Null * Null) = True<br>
Empty * 2 = 0<br>
2 * Empty = 0<br>
Empty * Empty = 0<br>


