
Here is a test of including files.

Here is the include file.

Hello from the include file.
