Test Response.Cookies, simple cookies

Response.Cookies("Hello")("First") = "One"
    <br>
Response.Cookies("Hello")("Second") = "Two"
    <br>
Response.Cookies("Hello").HasKeys =
    True<br>
