This tests output using Response.Write

Hello Mom!!!<br>
