Testing simple form values.

Request.QueryString("valuea") = first value<br>
Request.QueryString("valueb") = second=value<br>
