Test While statement

<pre>
Dim i               

While i < 10        
    i =             
    i = i + 1       
Wend                
    i =             1
    i = i + 1       
Wend                
    i =             2
    i = i + 1       
Wend                
    i =             3
    i = i + 1       
Wend                
    i =             4
    i = i + 1       
Wend                
    i =             5
    i = i + 1       
Wend                
    i =             6
    i = i + 1       
Wend                
    i =             7
    i = i + 1       
Wend                
    i =             8
    i = i + 1       
Wend                
    i =             9
    i = i + 1       
Wend                

</pre>
